PS C:\Users\user\OneDrive\デスクトップ\samurai> git_challenge
PS C:\Users\user\OneDrive\デスクトップ\samurai> cd git_challenge
PS C:\Users\user\OneDrive\デスクトップ\samurai\git_challenge> git add hello_world.txt
fatal: pathspec 'hello_world.txt' did not match any files
PS C:\Users\user\OneDrive\デスクトップ\samurai\git_challenge> git commit -m "スタートコミット"
[main (root-commit) be144ed] スタートコミット
 1 file changed, 1 insertion(+)
 create mode 100644 hello_world.txt
PS C:\Users\user\OneDrive\デスクトップ\samurai\git_challenge> git add hello_world.txt
PS C:\Users\user\OneDrive\デスクトップ\samurai\git_challenge> git commit -m "セカンドコミット"
[main 8a443a8] セカンドコミット
 1 file changed, 2 insertions(+), 1 deletion(-)
PS C:\Users\user\OneDrive\デスクトップ\samurai\git_challenge> git commit --amend -m "日本語訳を追加"      
[main 028983a] 日本語訳を追加
 Date: Sun Mar 23 15:00:51 2025 +0900
 1 file changed, 2 insertions(+), 1 deletion(-)
[main 028983a] 日本語訳を追加
 Date: Sun Mar 23 15:00:51 2025 +0900
 1 file changed, 2 insertions(+), 1 deletion(-)
PS C:\Users\user\OneDrive\デスクトップ\samurai\git_challenge> git log --oneline
028983a (HEAD -> main) 日本語訳を追加
be144ed スタートコミット
PS C:\Users\user\OneDrive\デスクトップ\samurai\git_challenge> mkdir kadai_005


    ディレクトリ: C:\Users\user\OneDrive\デスクトップ\samurai\git_challenge


Mode                 LastWriteTime         Length Name
----                 -------------         ------ ----
d-----        2025/03/23     15:55                kadai_005